Archive member included to satisfy reference by file (symbol)

C:/ST/STM32CubeIDE_1.18.0/STM32CubeIDE/plugins/com.st.stm32cube.ide.mcu.externaltools.gnu-tools-for-stm32.13.3.rel1.win32_1.0.0.202411081344/tools/bin/../lib/gcc/arm-none-eabi/13.3.1/../../../../arm-none-eabi/lib/thumb/v7e-m+fp/hard\libc_nano.a(libc_a-exit.o)
                              C:/ST/STM32CubeIDE_1.18.0/STM32CubeIDE/plugins/com.st.stm32cube.ide.mcu.externaltools.gnu-tools-for-stm32.13.3.rel1.win32_1.0.0.202411081344/tools/bin/../lib/gcc/arm-none-eabi/13.3.1/../../../../arm-none-eabi/lib/thumb/v7e-m+fp/hard/crt0.o (exit)
C:/ST/STM32CubeIDE_1.18.0/STM32CubeIDE/plugins/com.st.stm32cube.ide.mcu.externaltools.gnu-tools-for-stm32.13.3.rel1.win32_1.0.0.202411081344/tools/bin/../lib/gcc/arm-none-eabi/13.3.1/../../../../arm-none-eabi/lib/thumb/v7e-m+fp/hard\libc_nano.a(libc_a-findfp.o)
                              C:/ST/STM32CubeIDE_1.18.0/STM32CubeIDE/plugins/com.st.stm32cube.ide.mcu.externaltools.gnu-tools-for-stm32.13.3.rel1.win32_1.0.0.202411081344/tools/bin/../lib/gcc/arm-none-eabi/13.3.1/../../../../arm-none-eabi/lib/thumb/v7e-m+fp/hard\libc_nano.a(libc_a-exit.o) (__stdio_exit_handler)
C:/ST/STM32CubeIDE_1.18.0/STM32CubeIDE/plugins/com.st.stm32cube.ide.mcu.externaltools.gnu-tools-for-stm32.13.3.rel1.win32_1.0.0.202411081344/tools/bin/../lib/gcc/arm-none-eabi/13.3.1/../../../../arm-none-eabi/lib/thumb/v7e-m+fp/hard\libc_nano.a(libc_a-fwalk.o)
                              C:/ST/STM32CubeIDE_1.18.0/STM32CubeIDE/plugins/com.st.stm32cube.ide.mcu.externaltools.gnu-tools-for-stm32.13.3.rel1.win32_1.0.0.202411081344/tools/bin/../lib/gcc/arm-none-eabi/13.3.1/../../../../arm-none-eabi/lib/thumb/v7e-m+fp/hard\libc_nano.a(libc_a-findfp.o) (_fwalk_sglue)
C:/ST/STM32CubeIDE_1.18.0/STM32CubeIDE/plugins/com.st.stm32cube.ide.mcu.externaltools.gnu-tools-for-stm32.13.3.rel1.win32_1.0.0.202411081344/tools/bin/../lib/gcc/arm-none-eabi/13.3.1/../../../../arm-none-eabi/lib/thumb/v7e-m+fp/hard\libc_nano.a(libc_a-stdio.o)
                              C:/ST/STM32CubeIDE_1.18.0/STM32CubeIDE/plugins/com.st.stm32cube.ide.mcu.externaltools.gnu-tools-for-stm32.13.3.rel1.win32_1.0.0.202411081344/tools/bin/../lib/gcc/arm-none-eabi/13.3.1/../../../../arm-none-eabi/lib/thumb/v7e-m+fp/hard\libc_nano.a(libc_a-findfp.o) (__sread)
C:/ST/STM32CubeIDE_1.18.0/STM32CubeIDE/plugins/com.st.stm32cube.ide.mcu.externaltools.gnu-tools-for-stm32.13.3.rel1.win32_1.0.0.202411081344/tools/bin/../lib/gcc/arm-none-eabi/13.3.1/../../../../arm-none-eabi/lib/thumb/v7e-m+fp/hard\libc_nano.a(libc_a-memset.o)
                              C:/ST/STM32CubeIDE_1.18.0/STM32CubeIDE/plugins/com.st.stm32cube.ide.mcu.externaltools.gnu-tools-for-stm32.13.3.rel1.win32_1.0.0.202411081344/tools/bin/../lib/gcc/arm-none-eabi/13.3.1/../../../../arm-none-eabi/lib/thumb/v7e-m+fp/hard/crt0.o (memset)
C:/ST/STM32CubeIDE_1.18.0/STM32CubeIDE/plugins/com.st.stm32cube.ide.mcu.externaltools.gnu-tools-for-stm32.13.3.rel1.win32_1.0.0.202411081344/tools/bin/../lib/gcc/arm-none-eabi/13.3.1/../../../../arm-none-eabi/lib/thumb/v7e-m+fp/hard\libc_nano.a(libc_a-closer.o)
                              C:/ST/STM32CubeIDE_1.18.0/STM32CubeIDE/plugins/com.st.stm32cube.ide.mcu.externaltools.gnu-tools-for-stm32.13.3.rel1.win32_1.0.0.202411081344/tools/bin/../lib/gcc/arm-none-eabi/13.3.1/../../../../arm-none-eabi/lib/thumb/v7e-m+fp/hard\libc_nano.a(libc_a-stdio.o) (_close_r)
C:/ST/STM32CubeIDE_1.18.0/STM32CubeIDE/plugins/com.st.stm32cube.ide.mcu.externaltools.gnu-tools-for-stm32.13.3.rel1.win32_1.0.0.202411081344/tools/bin/../lib/gcc/arm-none-eabi/13.3.1/../../../../arm-none-eabi/lib/thumb/v7e-m+fp/hard\libc_nano.a(libc_a-reent.o)
                              C:/ST/STM32CubeIDE_1.18.0/STM32CubeIDE/plugins/com.st.stm32cube.ide.mcu.externaltools.gnu-tools-for-stm32.13.3.rel1.win32_1.0.0.202411081344/tools/bin/../lib/gcc/arm-none-eabi/13.3.1/../../../../arm-none-eabi/lib/thumb/v7e-m+fp/hard\libc_nano.a(libc_a-closer.o) (errno)
C:/ST/STM32CubeIDE_1.18.0/STM32CubeIDE/plugins/com.st.stm32cube.ide.mcu.externaltools.gnu-tools-for-stm32.13.3.rel1.win32_1.0.0.202411081344/tools/bin/../lib/gcc/arm-none-eabi/13.3.1/../../../../arm-none-eabi/lib/thumb/v7e-m+fp/hard\libc_nano.a(libc_a-impure.o)
                              C:/ST/STM32CubeIDE_1.18.0/STM32CubeIDE/plugins/com.st.stm32cube.ide.mcu.externaltools.gnu-tools-for-stm32.13.3.rel1.win32_1.0.0.202411081344/tools/bin/../lib/gcc/arm-none-eabi/13.3.1/../../../../arm-none-eabi/lib/thumb/v7e-m+fp/hard\libc_nano.a(libc_a-reent.o) (_impure_ptr)
C:/ST/STM32CubeIDE_1.18.0/STM32CubeIDE/plugins/com.st.stm32cube.ide.mcu.externaltools.gnu-tools-for-stm32.13.3.rel1.win32_1.0.0.202411081344/tools/bin/../lib/gcc/arm-none-eabi/13.3.1/../../../../arm-none-eabi/lib/thumb/v7e-m+fp/hard\libc_nano.a(libc_a-lseekr.o)
[...]
Memory Configuration

Name             Origin             Length             Attributes
RAM              0x20000000         0x0000c000         xrw
RAM2             0x10000000         0x00004000         xrw
FLASH            0x08000000         0x00040000         xr
*default*        0x00000000         0xffffffff

Linker script and memory map

LOAD C:/ST/STM32CubeIDE_1.18.0/STM32CubeIDE/plugins/com.st.stm32cube.ide.mcu.externaltools.gnu-tools-for-stm32.13.3.rel1.win32_1.0.0.202411081344/tools/bin/../lib/gcc/arm-none-eabi/13.3.1/thumb/v7e-m+fp/hard/crti.o
LOAD C:/ST/STM32CubeIDE_1.18.0/STM32CubeIDE/plugins/com.st.stm32cube.ide.mcu.externaltools.gnu-tools-for-stm32.13.3.rel1.win32_1.0.0.202411081344/tools/bin/../lib/gcc/arm-none-eabi/13.3.1/thumb/v7e-m+fp/hard/crtbegin.o
LOAD C:/ST/STM32CubeIDE_1.18.0/STM32CubeIDE/plugins/com.st.stm32cube.ide.mcu.externaltools.gnu-tools-for-stm32.13.3.rel1.win32_1.0.0.202411081344/tools/bin/../lib/gcc/arm-none-eabi/13.3.1/../../../../arm-none-eabi/lib/thumb/v7e-m+fp/hard/crt0.o
LOAD ./Core/Src/main.o
LOAD ./Core/Src/stm32l4xx_hal_msp.o
LOAD ./Core/Src/stm32l4xx_it.o
LOAD ./Core/Src/syscalls.o
LOAD ./Core/Src/sysmem.o
LOAD ./Core/Src/system_stm32l4xx.o
LOAD ./Core/Startup/startup_stm32l432kcux.o
LOAD ./Drivers/STM32L4xx_HAL_Driver/Src/stm32l4xx_hal.o
LOAD ./Drivers/STM32L4xx_HAL_Driver/Src/stm32l4xx_hal_cortex.o
LOAD ./Drivers/STM32L4xx_HAL_Driver/Src/stm32l4xx_hal_dma.o
LOAD ./Drivers/STM32L4xx_HAL_Driver/Src/stm32l4xx_hal_dma_ex.o
LOAD ./Drivers/STM32L4xx_HAL_Driver/Src/stm32l4xx_hal_exti.o
LOAD ./Drivers/STM32L4xx_HAL_Driver/Src/stm32l4xx_hal_flash.o
LOAD ./Drivers/STM32L4xx_HAL_Driver/Src/stm32l4xx_hal_flash_ex.o
LOAD ./Drivers/STM32L4xx_HAL_Driver/Src/stm32l4xx_hal_flash_ramfunc.o
LOAD ./Drivers/STM32L4xx_HAL_Driver/Src/stm32l4xx_hal_gpio.o
LOAD ./Drivers/STM32L4xx_HAL_Driver/Src/stm32l4xx_hal_i2c.o
LOAD ./Drivers/STM32L4xx_HAL_Driver/Src/stm32l4xx_hal_i2c_ex.o
LOAD ./Drivers/STM32L4xx_HAL_Driver/Src/stm32l4xx_hal_pwr.o
LOAD ./Drivers/STM32L4xx_HAL_Driver/Src/stm32l4xx_hal_pwr_ex.o
LOAD ./Drivers/STM32L4xx_HAL_Driver/Src/stm32l4xx_hal_rcc.o
LOAD ./Drivers/STM32L4xx_HAL_Driver/Src/stm32l4xx_hal_rcc_ex.o
LOAD ./Drivers/STM32L4xx_HAL_Driver/Src/stm32l4xx_hal_spi.o
LOAD ./Drivers/STM32L4xx_HAL_Driver/Src/stm32l4xx_hal_spi_ex.o
LOAD ./Drivers/STM32L4xx_HAL_Driver/Src/stm32l4xx_hal_tim.o
LOAD ./Drivers/STM32L4xx_HAL_Driver/Src/stm32l4xx_hal_tim_ex.o
LOAD ./Drivers/STM32L4xx_HAL_Driver/Src/stm32l4xx_hal_uart.o
LOAD ./Drivers/STM32L4xx_HAL_Driver/Src/stm32l4xx_hal_uart_ex.o
START GROUP
LOAD C:/ST/STM32CubeIDE_1.18.0/STM32CubeIDE/plugins/com.st.stm32cube.ide.mcu.externaltools.gnu-tools-for-stm32.13.3.rel1.win32_1.0.0.202411081344/tools/bin/../lib/gcc/arm-none-eabi/13.3.1/../../../../arm-none-eabi/lib/thumb/v7e-m+fp/hard\libc_nano.a
LOAD C:/ST/STM32CubeIDE_1.18.0/STM32CubeIDE/plugins/com.st.stm32cube.ide.mcu.externaltools.gnu-tools-for-stm32.13.3.rel1.win32_1.0.0.202411081344/tools/bin/../lib/gcc/arm-none-eabi/13.3.1/../../../../arm-none-eabi/lib/thumb/v7e-m+fp/hard\libm.a
END GROUP
START GROUP
LOAD C:/ST/STM32CubeIDE_1.18.0/STM32CubeIDE/plugins/com.st.stm32cube.ide.mcu.externaltools.gnu-tools-for-stm32.13.3.rel1.win32_1.0.0.202411081344/tools/bin/../lib/gcc/arm-none-eabi/13.3.1/thumb/v7e-m+fp/hard\libgcc.a
LOAD C:/ST/STM32CubeIDE_1.18.0/STM32CubeIDE/plugins/com.st.stm32cube.ide.mcu.externaltools.gnu-tools-for-stm32.13.3.rel1.win32_1.0.0.202411081344/tools/bin/../lib/gcc/arm-none-eabi/13.3.1/../../../../arm-none-eabi/lib/thumb/v7e-m+fp/hard\libc_nano.a
END GROUP
START GROUP
LOAD C:/ST/STM32CubeIDE_1.18.0/STM32CubeIDE/plugins/com.st.stm32cube.ide.mcu.externaltools.gnu-tools-for-stm32.13.3.rel1.win32_1.0.0.202411081344/tools/bin/../lib/gcc/arm-none-eabi/13.3.1/thumb/v7e-m+fp/hard\libgcc.a
LOAD C:/ST/STM32CubeIDE_1.18.0/STM32CubeIDE/plugins/com.st.stm32cube.ide.mcu.externaltools.gnu-tools-for-stm32.13.3.rel1.win32_1.0.0.202411081344/tools/bin/../lib/gcc/arm-none-eabi/13.3.1/../../../../arm-none-eabi/lib/thumb/v7e-m+fp/hard\libc_nano.a
LOAD C:/ST/STM32CubeIDE_1.18.0/STM32CubeIDE/plugins/com.st.stm32cube.ide.mcu.externaltools.gnu-tools-for-stm32.13.3.rel1.win32_1.0.0.202411081344/tools/bin/../lib/gcc/arm-none-eabi/13.3.1/../../../../arm-none-eabi/lib/thumb/v7e-m+fp/hard\libnosys.a
END GROUP
START GROUP
LOAD C:/ST/STM32CubeIDE_1.18.0/STM32CubeIDE/plugins/com.st.stm32cube.ide.mcu.externaltools.gnu-tools-for-stm32.13.3.rel1.win32_1.0.0.202411081344/tools/bin/../lib/gcc/arm-none-eabi/13.3.1/thumb/v7e-m+fp/hard\libgcc.a
LOAD C:/ST/STM32CubeIDE_1.18.0/STM32CubeIDE/plugins/com.st.stm32cube.ide.mcu.externaltools.gnu-tools-for-stm32.13.3.rel1.win32_1.0.0.202411081344/tools/bin/../lib/gcc/arm-none-eabi/13.3.1/../../../../arm-none-eabi/lib/thumb/v7e-m+fp/hard\libc_nano.a
LOAD C:/ST/STM32CubeIDE_1.18.0/STM32CubeIDE/plugins/com.st.stm32cube.ide.mcu.externaltools.gnu-tools-for-stm32.13.3.rel1.win32_1.0.0.202411081344/tools/bin/../lib/gcc/arm-none-eabi/13.3.1/../../../../arm-none-eabi/lib/thumb/v7e-m+fp/hard\libnosys.a
END GROUP
LOAD C:/ST/STM32CubeIDE_1.18.0/STM32CubeIDE/plugins/com.st.stm32cube.ide.mcu.externaltools.gnu-tools-for-stm32.13.3.rel1.win32_1.0.0.202411081344/tools/bin/../lib/gcc/arm-none-eabi/13.3.1/thumb/v7e-m+fp/hard/crtend.o
LOAD C:/ST/STM32CubeIDE_1.18.0/STM32CubeIDE/plugins/com.st.stm32cube.ide.mcu.externaltools.gnu-tools-for-stm32.13.3.rel1.win32_1.0.0.202411081344/tools/bin/../lib/gcc/arm-none-eabi/13.3.1/thumb/v7e-m+fp/hard/crtn.o
                0x2000c000                        _estack = (ORIGIN (RAM) + LENGTH (RAM))
                0x00000200                        _Min_Heap_Size = 0x200
                0x00000400                        _Min_Stack_Size = 0x400

.isr_vector     0x08000000      0x18c
                0x08000000                        . = ALIGN (0x4)
 *(.isr_vector)
 .isr_vector    0x08000000      0x18c ./Core/Startup/startup_stm32l432kcux.o
                0x08000000                g_pfnVectors
                0x0800018c                        . = ALIGN (0x4)

.text           0x0800018c     0x4b68
                0x0800018c                        . = ALIGN (0x4)
 *(.text)
 .text          0x0800018c       0x40 C:/ST/STM32CubeIDE_1.18.0/STM32CubeIDE/plugins/com.st.stm32cube.ide.mcu.externaltools.gnu-tools-for-stm32.13.3.rel1.win32_1.0.0.202411081344/tools/bin/../lib/gcc/arm-none-eabi/13.3.1/thumb/v7e-m+fp/hard/crtbegin.o
 .text          0x080001cc       0x30 C:/ST/STM32CubeIDE_1.18.0/STM32CubeIDE/plugins/com.st.stm32cube.ide.mcu.externaltools.gnu-tools-for-stm32.13.3.rel1.win32_1.0.0.202411081344/tools/bin/../lib/gcc/arm-none-eabi/13.3.1/thumb/v7e-m+fp/hard\libgcc.a(_aeabi_uldivmod.o)
                0x080001cc                __aeabi_uldivmod
 .text          0x080001fc      0x2f8 C:/ST/STM32CubeIDE_1.18.0/STM32CubeIDE/plugins/com.st.stm32cube.ide.mcu.externaltools.gnu-tools-for-stm32.13.3.rel1.win32_1.0.0.202411081344/tools/bin/../lib/gcc/arm-none-eabi/13.3.1/thumb/v7e-m+fp/hard\libgcc.a(_udivmoddi4.o)
                0x080001fc                __udivmoddi4
 .text          0x080004f4        0x4 C:/ST/STM32CubeIDE_1.18.0/STM32CubeIDE/plugins/com.st.stm32cube.ide.mcu.externaltools.gnu-tools-for-stm32.13.3.rel1.win32_1.0.0.202411081344/tools/bin/../lib/gcc/arm-none-eabi/13.3.1/thumb/v7e-m+fp/hard\libgcc.a(_dvmd_tls.o)
                0x080004f4                __aeabi_idiv0
                0x080004f4                __aeabi_ldiv0
 *(.text*)
 .text.main     0x080004f8       0x9c ./Core/Src/main.o
                0x080004f8                main
 .text.SystemClock_Config
                0x08000594       0xc4 ./Core/Src/main.o
                0x08000594                SystemClock_Config
 .text.MX_SPI1_Init
                0x08000658       0x74 ./Core/Src/main.o
 .text.MX_TIM1_Init
                0x080006cc       0xb4 ./Core/Src/main.o
 .text.MX_TIM7_Init
                0x08000780       0x6c ./Core/Src/main.o
 .text.MX_TIM16_Init
                0x080007ec       0x4c ./Core/Src/main.o
 .text.MX_USART2_UART_Init
                0x08000838       0x60 ./Core/Src/main.o
 .text.MX_GPIO_Init
                0x08000898       0xc0 ./Core/Src/main.o
 .text.delay_uS
                0x08000958       0x34 ./Core/Src/main.o
                0x08000958                delay_uS
 .text.ultrasonic_trig
                0x0800098c       0x38 ./Core/Src/main.o
                0x0800098c                ultrasonic_trig
 .text.reset_audio_filter_state
                0x080009c4       0x70 ./Core/Src/main.o
 .text.handle_uart_command
                0x08000a34      0x26c ./Core/Src/main.o
 .text.uart_tx_push_byte
                0x08000ca0       0x74 ./Core/Src/main.o
 .text.uart_tx_push_3bytes
                0x08000d14       0x32 ./Core/Src/main.o
 *fill*         0x08000d46        0x2 
 .text.uart_tx_clear_buffer
                0x08000d48       0x40 ./Core/Src/main.o
 .text.HAL_TIM_PeriodElapsedCallback
                0x08000d88       0x94 ./Core/Src/main.o
                0x08000d88                HAL_TIM_PeriodElapsedCallback
 .text.HAL_TIM_IC_CaptureCallback
                0x08000e1c      0x108 ./Core/Src/main.o
                0x08000e1c                HAL_TIM_IC_CaptureCallback
 .text.transmit_12bit_audio
                0x08000f24      0x158 ./Core/Src/main.o
 .text.Error_Handler
                0x0800107c        0xc ./Core/Src/main.o
                0x0800107c                Error_Handler
 .text.HAL_MspInit
                0x08001088       0x48 ./Core/Src/stm32l4xx_hal_msp.o
                0x08001088                HAL_MspInit
 .text.HAL_SPI_MspInit
                0x080010d0       0x94 ./Core/Src/stm32l4xx_hal_msp.o
                0x080010d0                HAL_SPI_MspInit
 .text.HAL_TIM_IC_MspInit
                0x08001164       0x98 ./Core/Src/stm32l4xx_hal_msp.o
                0x08001164                HAL_TIM_IC_MspInit
 .text.HAL_TIM_Base_MspInit
                0x080011fc       0x74 ./Core/Src/stm32l4xx_hal_msp.o
                0x080011fc                HAL_TIM_Base_MspInit
 .text.HAL_UART_MspInit
                0x08001270       0xd4 ./Core/Src/stm32l4xx_hal_msp.o
                0x08001270                HAL_UART_MspInit
 .text.NMI_Handler
                0x08001344        0x8 ./Core/Src/stm32l4xx_it.o
                0x08001344                NMI_Handler
 .text.HardFault_Handler
                0x0800134c        0x8 ./Core/Src/stm32l4xx_it.o
                0x0800134c                HardFault_Handler
 .text.MemManage_Handler
                0x08001354        0x8 ./Core/Src/stm32l4xx_it.o
                0x08001354                MemManage_Handler
 .text.BusFault_Handler
                0x0800135c        0x8 ./Core/Src/stm32l4xx_it.o
                0x0800135c                BusFault_Handler
 .text.UsageFault_Handler
                0x08001364        0x8 ./Core/Src/stm32l4xx_it.o
                0x08001364                UsageFault_Handler
 .text.SVC_Handler
                0x0800136c        0xe ./Core/Src/stm32l4xx_it.o
                0x0800136c                SVC_Handler
 .text.DebugMon_Handler
                0x0800137a        0xe ./Core/Src/stm32l4xx_it.o
                0x0800137a                DebugMon_Handler
 .text.PendSV_Handler
                0x08001388        0xe ./Core/Src/stm32l4xx_it.o
                0x08001388                PendSV_Handler
 .text.SysTick_Handler
                0x08001396        0xc ./Core/Src/stm32l4xx_it.o
                0x08001396                SysTick_Handler
 *fill*         0x080013a2        0x2 
 .text.TIM1_CC_IRQHandler
                0x080013a4       0x14 ./Core/Src/stm32l4xx_it.o
                0x080013a4                TIM1_CC_IRQHandler
 .text.SPI1_IRQHandler
                0x080013b8       0x14 ./Core/Src/stm32l4xx_it.o
                0x080013b8                SPI1_IRQHandler
 .text.TIM7_IRQHandler
                0x080013cc       0x14 ./Core/Src/stm32l4xx_it.o
                0x080013cc                TIM7_IRQHandler
 .text.USART2_IRQHandler
                0x080013e0       0x84 ./Core/Src/stm32l4xx_it.o
                0x080013e0                USART2_IRQHandler
 .text.SystemInit
                0x08001464       0x24 ./Core/Src/system_stm32l4xx.o
                0x08001464                SystemInit
 .text.Reset_Handler
                0x08001488       0x50 ./Core/Startup/startup_stm32l432kcux.o
                0x08001488                Reset_Handler
 .text.Default_Handler
                0x080014d8        0x2 ./Core/Startup/startup_stm32l432kcux.o
                0x080014d8                RTC_Alarm_IRQHandler
                0x080014d8                EXTI2_IRQHandler
                0x080014d8                TSC_IRQHandler
                0x080014d8                TAMP_STAMP_IRQHandler
                0x080014d8                EXTI3_IRQHandler
                0x080014d8                LPTIM2_IRQHandler
                0x080014d8                I2C3_ER_IRQHandler
                0x080014d8                EXTI0_IRQHandler
                0x080014d8                CAN1_RX0_IRQHandler
                0x080014d8                FPU_IRQHandler
                0x080014d8                TIM1_UP_TIM16_IRQHandler
                0x080014d8                TIM6_DAC_IRQHandler
                0x080014d8                DMA2_Channel2_IRQHandler
                0x080014d8                DMA1_Channel4_IRQHandler
                0x080014d8                ADC1_IRQHandler
                0x080014d8                DMA1_Channel7_IRQHandler
                0x080014d8                CAN1_RX1_IRQHandler
                0x080014d8                DMA2_Channel1_IRQHandler
                0x080014d8                QUADSPI_IRQHandler
                0x080014d8                I2C1_EV_IRQHandler
                0x080014d8                DMA1_Channel6_IRQHandler
                0x080014d8                DMA2_Channel4_IRQHandler
                0x080014d8                RCC_IRQHandler
                0x080014d8                TIM1_TRG_COM_IRQHandler
                0x080014d8                DMA1_Channel1_IRQHandler
                0x080014d8                Default_Handler
                0x080014d8                DMA2_Channel7_IRQHandler
                0x080014d8                EXTI15_10_IRQHandler
                0x080014d8                I2C3_EV_IRQHandler
                0x080014d8                USB_IRQHandler
                0x080014d8                EXTI9_5_IRQHandler
                0x080014d8                RTC_WKUP_IRQHandler
                0x080014d8                PVD_PVM_IRQHandler
                0x080014d8                CAN1_TX_IRQHandler
                0x080014d8                DMA2_Channel5_IRQHandler
                0x080014d8                CRS_IRQHandler
                0x080014d8                DMA1_Channel5_IRQHandler
                0x080014d8                EXTI4_IRQHandler
                0x080014d8                RNG_IRQHandler
                0x080014d8                DMA1_Channel3_IRQHandler
                0x080014d8                COMP_IRQHandler
                0x080014d8                WWDG_IRQHandler
                0x080014d8                LPUART1_IRQHandler
                0x080014d8                DMA2_Channel6_IRQHandler
                0x080014d8                TIM2_IRQHandler
                0x080014d8                EXTI1_IRQHandler
                0x080014d8                DMA1_Channel2_IRQHandler
                0x080014d8                CAN1_SCE_IRQHandler
                0x080014d8                FLASH_IRQHandler
                0x080014d8                USART1_IRQHandler
                0x080014d8                SPI3_IRQHandler
                0x080014d8                I2C1_ER_IRQHandler
                0x080014d8                SWPMI1_IRQHandler
                0x080014d8                LPTIM1_IRQHandler
                0x080014d8                SAI1_IRQHandler
                0x080014d8                DMA2_Channel3_IRQHandler
                0x080014d8                TIM1_BRK_TIM15_IRQHandler
 .text.HAL_Init
                0x080014da       0x30 ./Drivers/STM32L4xx_HAL_Driver/Src/stm32l4xx_hal.o
                0x080014da                HAL_Init
 *fill*         0x0800150a        0x2 
 .text.HAL_InitTick
                0x0800150c       0x78 ./Drivers/STM32L4xx_HAL_Driver/Src/stm32l4xx_hal.o
                0x0800150c                HAL_InitTick
 .text.HAL_IncTick
                0x08001584       0x28 ./Drivers/STM32L4xx_HAL_Driver/Src/stm32l4xx_hal.o
                0x08001584                HAL_IncTick
 .text.HAL_GetTick
                0x080015ac       0x18 ./Drivers/STM32L4xx_HAL_Driver/Src/stm32l4xx_hal.o
                0x080015ac                HAL_GetTick
 .text.__NVIC_SetPriorityGrouping
                0x080015c4       0x48 ./Drivers/STM32L4xx_HAL_Driver/Src/stm32l4xx_hal_cortex.o
 .text.__NVIC_GetPriorityGrouping
                0x0800160c       0x1c ./Drivers/STM32L4xx_HAL_Driver/Src/stm32l4xx_hal_cortex.o
 .text.__NVIC_EnableIRQ
                0x08001628       0x3c ./Drivers/STM32L4xx_HAL_Driver/Src/stm32l4xx_hal_cortex.o
 .text.__NVIC_SetPriority
                0x08001664       0x54 ./Drivers/STM32L4xx_HAL_Driver/Src/stm32l4xx_hal_cortex.o
 .text.NVIC_EncodePriority
                0x080016b8       0x66 ./Drivers/STM32L4xx_HAL_Driver/Src/stm32l4xx_hal_cortex.o
 *fill*         0x0800171e        0x2 
 .text.SysTick_Config
                0x08001720       0x44 ./Drivers/STM32L4xx_HAL_Driver/Src/stm32l4xx_hal_cortex.o
 .text.HAL_NVIC_SetPriorityGrouping
                0x08001764       0x16 ./Drivers/STM32L4xx_HAL_Driver/Src/stm32l4xx_hal_cortex.o
                0x08001764                HAL_NVIC_SetPriorityGrouping
 .text.HAL_NVIC_SetPriority
                0x0800177a       0x38 ./Drivers/STM32L4xx_HAL_Driver/Src/stm32l4xx_hal_cortex.o
                0x0800177a                HAL_NVIC_SetPriority
 .text.HAL_NVIC_EnableIRQ
                0x080017b2       0x1c ./Drivers/STM32L4xx_HAL_Driver/Src/stm32l4xx_hal_cortex.o
                0x080017b2                HAL_NVIC_EnableIRQ
 .text.HAL_SYSTICK_Config
                0x080017ce       0x18 ./Drivers/STM32L4xx_HAL_Driver/Src/stm32l4xx_hal_cortex.o
                0x080017ce                HAL_SYSTICK_Config
 .text.HAL_DMA_Abort_IT
                0x080017e6       0x82 ./Drivers/STM32L4xx_HAL_Driver/Src/stm32l4xx_hal_dma.o
                0x080017e6                HAL_DMA_Abort_IT
 .text.HAL_GPIO_Init
                0x08001868      0x2d4 ./Drivers/STM32L4xx_HAL_Driver/Src/stm32l4xx_hal_gpio.o
                0x08001868                HAL_GPIO_Init
 .text.HAL_GPIO_WritePin
                0x08001b3c       0x30 ./Drivers/STM32L4xx_HAL_Driver/Src/stm32l4xx_hal_gpio.o
                0x08001b3c                HAL_GPIO_WritePin
 .text.HAL_PWR_EnableBkUpAccess
                0x08001b6c       0x20 ./Drivers/STM32L4xx_HAL_Driver/Src/stm32l4xx_hal_pwr.o
                0x08001b6c                HAL_PWR_EnableBkUpAccess
 .text.HAL_PWREx_GetVoltageRange
                0x08001b8c       0x1c ./Drivers/STM32L4xx_HAL_Driver/Src/stm32l4xx_hal_pwr_ex.o
                0x08001b8c                HAL_PWREx_GetVoltageRange
 .text.HAL_PWREx_ControlVoltageScaling
                0x08001ba8       0xac ./Drivers/STM32L4xx_HAL_Driver/Src/stm32l4xx_hal_pwr_ex.o
                0x08001ba8                HAL_PWREx_ControlVoltageScaling
 .text.HAL_RCC_OscConfig
                0x08001c54      0x828 ./Drivers/STM32L4xx_HAL_Driver/Src/stm32l4xx_hal_rcc.o
                0x08001c54                HAL_RCC_OscConfig
 .text.HAL_RCC_ClockConfig
                0x0800247c      0x200 ./Drivers/STM32L4xx_HAL_Driver/Src/stm32l4xx_hal_rcc.o
                0x0800247c                HAL_RCC_ClockConfig
 .text.HAL_RCC_GetSysClockFreq
                0x0800267c      0x118 ./Drivers/STM32L4xx_HAL_Driver/Src/stm32l4xx_hal_rcc.o
                0x0800267c                HAL_RCC_GetSysClockFreq
 .text.HAL_RCC_GetHCLKFreq
                0x08002794       0x18 ./Drivers/STM32L4xx_HAL_Driver/Src/stm32l4xx_hal_rcc.o
                0x08002794                HAL_RCC_GetHCLKFreq
 .text.HAL_RCC_GetPCLK1Freq
                0x080027ac       0x2c ./Drivers/STM32L4xx_HAL_Driver/Src/stm32l4xx_hal_rcc.o
                0x080027ac                HAL_RCC_GetPCLK1Freq
 .text.HAL_RCC_GetPCLK2Freq
                0x080027d8       0x2c ./Drivers/STM32L4xx_HAL_Driver/Src/stm32l4xx_hal_rcc.o
                0x080027d8                HAL_RCC_GetPCLK2Freq
 .text.RCC_SetFlashLatencyFromMSIRange
                0x08002804       0xc0 ./Drivers/STM32L4xx_HAL_Driver/Src/stm32l4xx_hal_rcc.o
 .text.HAL_RCCEx_PeriphCLKConfig
                0x080028c4      0x3ec ./Drivers/STM32L4xx_HAL_Driver/Src/stm32l4xx_hal_rcc_ex.o
                0x080028c4                HAL_RCCEx_PeriphCLKConfig
 .text.HAL_RCCEx_EnableMSIPLLMode
                0x08002cb0       0x20 ./Drivers/STM32L4xx_HAL_Driver/Src/stm32l4xx_hal_rcc_ex.o
                0x08002cb0                HAL_RCCEx_EnableMSIPLLMode
 .text.RCCEx_PLLSAI1_Config
                0x08002cd0      0x1e4 ./Drivers/STM32L4xx_HAL_Driver/Src/stm32l4xx_hal_rcc_ex.o
 .text.HAL_SPI_Init
                0x08002eb4      0x146 ./Drivers/STM32L4xx_HAL_Driver/Src/stm32l4xx_hal_spi.o
                0x08002eb4                HAL_SPI_Init
 *fill*         0x08002ffa        0x2 
 .text.HAL_SPI_IRQHandler
                0x08002ffc      0x200 ./Drivers/STM32L4xx_HAL_Driver/Src/stm32l4xx_hal_spi.o
                0x08002ffc                HAL_SPI_IRQHandler
 .text.HAL_SPI_ErrorCallback
                0x080031fc       0x14 ./Drivers/STM32L4xx_HAL_Driver/Src/stm32l4xx_hal_spi.o
                0x080031fc                HAL_SPI_ErrorCallback
 .text.SPI_DMAAbortOnError
                0x08003210       0x2a ./Drivers/STM32L4xx_HAL_Driver/Src/stm32l4xx_hal_spi.o
 .text.HAL_TIM_Base_Init
                0x0800323a       0xae ./Drivers/STM32L4xx_HAL_Driver/Src/stm32l4xx_hal_tim.o
                0x0800323a                HAL_TIM_Base_Init
 .text.HAL_TIM_Base_Start
                0x080032e8       0x98 ./Drivers/STM32L4xx_HAL_Driver/Src/stm32l4xx_hal_tim.o
                0x080032e8                HAL_TIM_Base_Start
 .text.HAL_TIM_Base_Start_IT
                0x08003380       0xa8 ./Drivers/STM32L4xx_HAL_Driver/Src/stm32l4xx_hal_tim.o
                0x08003380                HAL_TIM_Base_Start_IT
 .text.HAL_TIM_Base_Stop_IT
                0x08003428       0x60 ./Drivers/STM32L4xx_HAL_Driver/Src/stm32l4xx_hal_tim.o
                0x08003428                HAL_TIM_Base_Stop_IT
 .text.HAL_TIM_IC_Init
                0x08003488       0xae ./Drivers/STM32L4xx_HAL_Driver/Src/stm32l4xx_hal_tim.o
                0x08003488                HAL_TIM_IC_Init
 *fill*         0x08003536        0x2 
 .text.HAL_TIM_IC_Start_IT
                0x08003538      0x25c ./Drivers/STM32L4xx_HAL_Driver/Src/stm32l4xx_hal_tim.o
                0x08003538                HAL_TIM_IC_Start_IT
 .text.HAL_TIM_IC_Stop_IT
                0x08003794      0x180 ./Drivers/STM32L4xx_HAL_Driver/Src/stm32l4xx_hal_tim.o
                0x08003794                HAL_TIM_IC_Stop_IT
 .text.HAL_TIM_IRQHandler
                0x08003914      0x20e ./Drivers/STM32L4xx_HAL_Driver/Src/stm32l4xx_hal_tim.o
                0x08003914                HAL_TIM_IRQHandler
 .text.HAL_TIM_IC_ConfigChannel
                0x08003b22      0x138 ./Drivers/STM32L4xx_HAL_Driver/Src/stm32l4xx_hal_tim.o
                0x08003b22                HAL_TIM_IC_ConfigChannel
 *fill*         0x08003c5a        0x2 
 .text.HAL_TIM_ReadCapturedValue
                0x08003c5c       0x88 ./Drivers/STM32L4xx_HAL_Driver/Src/stm32l4xx_hal_tim.o
                0x08003c5c                HAL_TIM_ReadCapturedValue
 .text.HAL_TIM_OC_DelayElapsedCallback
                0x08003ce4       0x14 ./Drivers/STM32L4xx_HAL_Driver/Src/stm32l4xx_hal_tim.o
                0x08003ce4                HAL_TIM_OC_DelayElapsedCallback
 .text.HAL_TIM_PWM_PulseFinishedCallback
                0x08003cf8       0x14 ./Drivers/STM32L4xx_HAL_Driver/Src/stm32l4xx_hal_tim.o
                0x08003cf8                HAL_TIM_PWM_PulseFinishedCallback
 .text.HAL_TIM_TriggerCallback
                0x08003d0c       0x14 ./Drivers/STM32L4xx_HAL_Driver/Src/stm32l4xx_hal_tim.o
                0x08003d0c                HAL_TIM_TriggerCallback
 .text.TIM_Base_SetConfig
                0x08003d20       0xd4 ./Drivers/STM32L4xx_HAL_Driver/Src/stm32l4xx_hal_tim.o
                0x08003d20                TIM_Base_SetConfig
 .text.TIM_TI1_SetConfig
                0x08003df4       0xd4 ./Drivers/STM32L4xx_HAL_Driver/Src/stm32l4xx_hal_tim.o
                0x08003df4                TIM_TI1_SetConfig
 .text.TIM_TI2_SetConfig
                0x08003ec8       0x94 ./Drivers/STM32L4xx_HAL_Driver/Src/stm32l4xx_hal_tim.o
 .text.TIM_TI3_SetConfig
                0x08003f5c       0x90 ./Drivers/STM32L4xx_HAL_Driver/Src/stm32l4xx_hal_tim.o
 .text.TIM_TI4_SetConfig
                0x08003fec       0x7a ./Drivers/STM32L4xx_HAL_Driver/Src/stm32l4xx_hal_tim.o
 .text.TIM_CCxChannelCmd
                0x08004066       0x4a ./Drivers/STM32L4xx_HAL_Driver/Src/stm32l4xx_hal_tim.o
                0x08004066                TIM_CCxChannelCmd
 .text.HAL_TIMEx_MasterConfigSynchronization
                0x080040b0       0xcc ./Drivers/STM32L4xx_HAL_Driver/Src/stm32l4xx_hal_tim_ex.o
                0x080040b0                HAL_TIMEx_MasterConfigSynchronization
 .text.HAL_TIMEx_CommutCallback
                0x0800417c       0x14 ./Drivers/STM32L4xx_HAL_Driver/Src/stm32l4xx_hal_tim_ex.o
                0x0800417c                HAL_TIMEx_CommutCallback
 .text.HAL_TIMEx_BreakCallback
                0x08004190       0x14 ./Drivers/STM32L4xx_HAL_Driver/Src/stm32l4xx_hal_tim_ex.o
                0x08004190                HAL_TIMEx_BreakCallback
 .text.HAL_TIMEx_Break2Callback
                0x080041a4       0x14 ./Drivers/STM32L4xx_HAL_Driver/Src/stm32l4xx_hal_tim_ex.o
                0x080041a4                HAL_TIMEx_Break2Callback
 .text.HAL_UART_Init
                0x080041b8       0x9c ./Drivers/STM32L4xx_HAL_Driver/Src/stm32l4xx_hal_uart.o
                0x080041b8                HAL_UART_Init
 .text.HAL_UART_Receive
                0x08004254      0x1a0 ./Drivers/STM32L4xx_HAL_Driver/Src/stm32l4xx_hal_uart.o
                0x08004254                HAL_UART_Receive
 .text.UART_SetConfig
                0x080043f4      0x458 ./Drivers/STM32L4xx_HAL_Driver/Src/stm32l4xx_hal_uart.o
                0x080043f4                UART_SetConfig
 .text.UART_AdvFeatureConfig
                0x0800484c      0x144 ./Drivers/STM32L4xx_HAL_Driver/Src/stm32l4xx_hal_uart.o
                0x0800484c                UART_AdvFeatureConfig
 .text.UART_CheckIdleState
                0x08004990      0x150 ./Drivers/STM32L4xx_HAL_Driver/Src/stm32l4xx_hal_uart.o
                0x08004990                UART_CheckIdleState
 .text.UART_WaitOnFlagUntilTimeout
                0x08004ae0       0xda ./Drivers/STM32L4xx_HAL_Driver/Src/stm32l4xx_hal_uart.o
                0x08004ae0                UART_WaitOnFlagUntilTimeout
 .text.UART_EndRxTransfer
                0x08004bba       0xc8 ./Drivers/STM32L4xx_HAL_Driver/Src/stm32l4xx_hal_uart.o
 .text.memset   0x08004c82       0x10 C:/ST/STM32CubeIDE_1.18.0/STM32CubeIDE/plugins/com.st.stm32cube.ide.mcu.externaltools.gnu-tools-for-stm32.13.3.rel1.win32_1.0.0.202411081344/tools/bin/../lib/gcc/arm-none-eabi/13.3.1/../../../../arm-none-eabi/lib/thumb/v7e-m+fp/hard\libc_nano.a(libc_a-memset.o)
                0x08004c82                memset
 *fill*         0x08004c92        0x2 
 .text.__libc_init_array
                0x08004c94       0x48 C:/ST/STM32CubeIDE_1.18.0/STM32CubeIDE/plugins/com.st.stm32cube.ide.mcu.externaltools.gnu-tools-for-stm32.13.3.rel1.win32_1.0.0.202411081344/tools/bin/../lib/gcc/arm-none-eabi/13.3.1/../../../../arm-none-eabi/lib/thumb/v7e-m+fp/hard\libc_nano.a(libc_a-init.o)
                0x08004c94                __libc_init_array
 *(.glue_7)
 .glue_7        0x08004cdc        0x0 linker stubs
 *(.glue_7t)
 .glue_7t       0x08004cdc        0x0 linker stubs
 *(.eh_frame)
 .eh_frame      0x08004cdc        0x0 C:/ST/STM32CubeIDE_1.18.0/STM32CubeIDE/plugins/com.st.stm32cube.ide.mcu.externaltools.gnu-tools-for-stm32.13.3.rel1.win32_1.0.0.202411081344/tools/bin/../lib/gcc/arm-none-eabi/13.3.1/thumb/v7e-m+fp/hard/crtbegin.o
 *(.init)
 .init          0x08004cdc        0x4 C:/ST/STM32CubeIDE_1.18.0/STM32CubeIDE/plugins/com.st.stm32cube.ide.mcu.externaltools.gnu-tools-for-stm32.13.3.rel1.win32_1.0.0.202411081344/tools/bin/../lib/gcc/arm-none-eabi/13.3.1/thumb/v7e-m+fp/hard/crti.o
                0x08004cdc                _init
 .init          0x08004ce0        0x8 C:/ST/STM32CubeIDE_1.18.0/STM32CubeIDE/plugins/com.st.stm32cube.ide.mcu.externaltools.gnu-tools-for-stm32.13.3.rel1.win32_1.0.0.202411081344/tools/bin/../lib/gcc/arm-none-eabi/13.3.1/thumb/v7e-m+fp/hard/crtn.o
 *(.fini)
 .fini          0x08004ce8        0x4 C:/ST/STM32CubeIDE_1.18.0/STM32CubeIDE/plugins/com.st.stm32cube.ide.mcu.externaltools.gnu-tools-for-stm32.13.3.rel1.win32_1.0.0.202411081344/tools/bin/../lib/gcc/arm-none-eabi/13.3.1/thumb/v7e-m+fp/hard/crti.o
                0x08004ce8                _fini
 .fini          0x08004cec        0x8 C:/ST/STM32CubeIDE_1.18.0/STM32CubeIDE/plugins/com.st.stm32cube.ide.mcu.externaltools.gnu-tools-for-stm32.13.3.rel1.win32_1.0.0.202411081344/tools/bin/../lib/gcc/arm-none-eabi/13.3.1/thumb/v7e-m+fp/hard/crtn.o
                0x08004cf4                        . = ALIGN (0x4)
                0x08004cf4                        _etext = .

.vfp11_veneer   0x08004cf4        0x0
 .vfp11_veneer  0x08004cf4        0x0 linker stubs

.v4_bx          0x08004cf4        0x0
 .v4_bx         0x08004cf4        0x0 linker stubs

.iplt           0x08004cf4        0x0
 .iplt          0x08004cf4        0x0 C:/ST/STM32CubeIDE_1.18.0/STM32CubeIDE/plugins/com.st.stm32cube.ide.mcu.externaltools.gnu-tools-for-stm32.13.3.rel1.win32_1.0.0.202411081344/tools/bin/../lib/gcc/arm-none-eabi/13.3.1/thumb/v7e-m+fp/hard/crtbegin.o

.rodata         0x08004cf4       0x48
                0x08004cf4                        . = ALIGN (0x4)
 *(.rodata)
 *(.rodata*)
 .rodata.AHBPrescTable
                0x08004cf4       0x10 ./Core/Src/system_stm32l4xx.o
                0x08004cf4                AHBPrescTable
 .rodata.APBPrescTable
                0x08004d04        0x8 ./Core/Src/system_stm32l4xx.o
                0x08004d04                APBPrescTable
 .rodata.MSIRangeTable
                0x08004d0c       0x30 ./Core/Src/system_stm32l4xx.o
                0x08004d0c                MSIRangeTable
                0x08004d3c                        . = ALIGN (0x4)

.ARM.extab      0x08004d3c        0x0
                0x08004d3c                        . = ALIGN (0x4)
 *(.ARM.extab* .gnu.linkonce.armextab.*)
                0x08004d3c                        . = ALIGN (0x4)

.ARM            0x08004d3c        0x8
                0x08004d3c                        . = ALIGN (0x4)
                0x08004d3c                        __exidx_start = .
 *(.ARM.exidx*)
 .ARM.exidx     0x08004d3c        0x8 C:/ST/STM32CubeIDE_1.18.0/STM32CubeIDE/plugins/com.st.stm32cube.ide.mcu.externaltools.gnu-tools-for-stm32.13.3.rel1.win32_1.0.0.202411081344/tools/bin/../lib/gcc/arm-none-eabi/13.3.1/thumb/v7e-m+fp/hard\libgcc.a(_udivmoddi4.o)
                0x08004d44                        __exidx_end = .
                0x08004d44                        . = ALIGN (0x4)

.preinit_array  0x08004d44        0x0
                0x08004d44                        . = ALIGN (0x4)
                0x08004d44                        PROVIDE (__preinit_array_start = .)
 *(.preinit_array*)
                0x08004d44                        PROVIDE (__preinit_array_end = .)
                0x08004d44                        . = ALIGN (0x4)

.init_array     0x08004d44        0x4
                0x08004d44                        . = ALIGN (0x4)
                0x08004d44                        PROVIDE (__init_array_start = .)
 *(SORT_BY_NAME(.init_array.*))
 *(.init_array*)
 .init_array    0x08004d44        0x4 C:/ST/STM32CubeIDE_1.18.0/STM32CubeIDE/plugins/com.st.stm32cube.ide.mcu.externaltools.gnu-tools-for-stm32.13.3.rel1.win32_1.0.0.202411081344/tools/bin/../lib/gcc/arm-none-eabi/13.3.1/thumb/v7e-m+fp/hard/crtbegin.o
                0x08004d48                        PROVIDE (__init_array_end = .)
                0x08004d48                        . = ALIGN (0x4)

.fini_array     0x08004d48        0x4
                0x08004d48                        . = ALIGN (0x4)
                [!provide]                        PROVIDE (__fini_array_start = .)
 *(SORT_BY_NAME(.fini_array.*))
 *(.fini_array*)
 .fini_array    0x08004d48        0x4 C:/ST/STM32CubeIDE_1.18.0/STM32CubeIDE/plugins/com.st.stm32cube.ide.mcu.externaltools.gnu-tools-for-stm32.13.3.rel1.win32_1.0.0.202411081344/tools/bin/../lib/gcc/arm-none-eabi/13.3.1/thumb/v7e-m+fp/hard/crtbegin.o
                [!provide]                        PROVIDE (__fini_array_end = .)
                0x08004d4c                        . = ALIGN (0x4)
                0x08004d4c                        _sidata = LOADADDR (.data)

.rel.dyn        0x08004d4c        0x0
 .rel.iplt      0x08004d4c        0x0 C:/ST/STM32CubeIDE_1.18.0/STM32CubeIDE/plugins/com.st.stm32cube.ide.mcu.externaltools.gnu-tools-for-stm32.13.3.rel1.win32_1.0.0.202411081344/tools/bin/../lib/gcc/arm-none-eabi/13.3.1/thumb/v7e-m+fp/hard/crtbegin.o

.data           0x20000000       0x20 load address 0x08004d4c
                0x20000000                        . = ALIGN (0x4)
                0x20000000                        _sdata = .
 *(.data)
 *(.data*)
 .data.prev_sample
                0x20000000        0x2 ./Core/Src/main.o
                0x20000000                prev_sample
 .data.prev_sample2
                0x20000002        0x2 ./Core/Src/main.o
                0x20000002                prev_sample2
 .data.filtered_sample
                0x20000004        0x2 ./Core/Src/main.o
                0x20000004                filtered_sample
 .data.pack_first_sample
                0x20000006        0x2 ./Core/Src/main.o
                0x20000006                pack_first_sample
 .data.mode     0x20000008        0x1 ./Core/Src/main.o
                0x20000008                mode
 *fill*         0x20000009        0x3 
 .data.min_distance_cm
                0x2000000c        0x4 ./Core/Src/main.o
                0x2000000c                min_distance_cm
 .data.distance
                0x20000010        0x4 ./Core/Src/main.o
                0x20000010                distance
 .data.SystemCoreClock
                0x20000014        0x4 ./Core/Src/system_stm32l4xx.o
                0x20000014                SystemCoreClock
 .data.uwTickPrio
                0x20000018        0x4 ./Drivers/STM32L4xx_HAL_Driver/Src/stm32l4xx_hal.o
                0x20000018                uwTickPrio
 .data.uwTickFreq
                0x2000001c        0x1 ./Drivers/STM32L4xx_HAL_Driver/Src/stm32l4xx_hal.o
                0x2000001c                uwTickFreq
 *(.RamFunc)
 *(.RamFunc*)
                0x20000020                        . = ALIGN (0x4)
 *fill*         0x2000001d        0x3 
                0x20000020                        _edata = .

.igot.plt       0x20000020        0x0 load address 0x08004d6c
 .igot.plt      0x20000020        0x0 C:/ST/STM32CubeIDE_1.18.0/STM32CubeIDE/plugins/com.st.stm32cube.ide.mcu.externaltools.gnu-tools-for-stm32.13.3.rel1.win32_1.0.0.202411081344/tools/bin/../lib/gcc/arm-none-eabi/13.3.1/thumb/v7e-m+fp/hard/crtbegin.o
                0x20000020                        . = ALIGN (0x4)

.bss            0x20000020     0x2218 load address 0x08004d6c
                0x20000020                        _sbss = .
                0x20000020                        __bss_start__ = _sbss
 *(.bss)
 .bss           0x20000020       0x1c C:/ST/STM32CubeIDE_1.18.0/STM32CubeIDE/plugins/com.st.stm32cube.ide.mcu.externaltools.gnu-tools-for-stm32.13.3.rel1.win32_1.0.0.202411081344/tools/bin/../lib/gcc/arm-none-eabi/13.3.1/thumb/v7e-m+fp/hard/crtbegin.o
 *(.bss*)
 .bss.hspi1     0x2000003c       0x64 ./Core/Src/main.o
                0x2000003c                hspi1
 .bss.htim1     0x200000a0       0x4c ./Core/Src/main.o
                0x200000a0                htim1
 .bss.htim7     0x200000ec       0x4c ./Core/Src/main.o
                0x200000ec                htim7
 .bss.htim16    0x20000138       0x4c ./Core/Src/main.o
                0x20000138                htim16
 .bss.huart2    0x20000184       0x88 ./Core/Src/main.o
                0x20000184                huart2
 .bss.sample_toggle
                0x2000020c        0x1 ./Core/Src/main.o
                0x2000020c                sample_toggle
 *fill*         0x2000020d        0x1 
 .bss.downsam_sum
                0x2000020e        0x2 ./Core/Src/main.o
                0x2000020e                downsam_sum
 .bss.downsam_count
                0x20000210        0x1 ./Core/Src/main.o
                0x20000210                downsam_count
 .bss.output_val
                0x20000211        0x1 ./Core/Src/main.o
                0x20000211                output_val
 .bss.pack_have_first
                0x20000212        0x1 ./Core/Src/main.o
                0x20000212                pack_have_first
 *fill*         0x20000213        0x1 
 .bss.uart_tx_buffer
                0x20000214     0x2000 ./Core/Src/main.o
                0x20000214                uart_tx_buffer
 .bss.uart_tx_head
                0x20002214        0x2 ./Core/Src/main.o
                0x20002214                uart_tx_head
 .bss.uart_tx_tail
                0x20002216        0x2 ./Core/Src/main.o
                0x20002216                uart_tx_tail
 .bss.uart_tx_overflow
                0x20002218        0x4 ./Core/Src/main.o
                0x20002218                uart_tx_overflow
 .bss.mode_distance
                0x2000221c        0x1 ./Core/Src/main.o
                0x2000221c                mode_distance
 .bss.recording_enabler
                0x2000221d        0x1 ./Core/Src/main.o
                0x2000221d                recording_enabler
 *fill*         0x2000221e        0x2 
 .bss.count1    0x20002220        0x4 ./Core/Src/main.o
                0x20002220                count1
 .bss.count2    0x20002224        0x4 ./Core/Src/main.o
                0x20002224                count2
 .bss.flag      0x20002228        0x1 ./Core/Src/main.o
                0x20002228                flag
 .bss.rx_cmd    0x20002229        0x1 ./Core/Src/main.o
                0x20002229                rx_cmd
 .bss.distance_valid
                0x2000222a        0x1 ./Core/Src/main.o
                0x2000222a                distance_valid
 *fill*         0x2000222b        0x1 
 .bss.last_cmd_check.2
                0x2000222c        0x4 ./Core/Src/main.o
 .bss.reading_distance.1
                0x20002230        0x1 ./Core/Src/main.o
 *fill*         0x20002231        0x1 
 .bss.pending_distance.0
                0x20002232        0x2 ./Core/Src/main.o
 .bss.uwTick    0x20002234        0x4 ./Drivers/STM32L4xx_HAL_Driver/Src/stm32l4xx_hal.o
                0x20002234                uwTick
 *(COMMON)
                0x20002238                        . = ALIGN (0x4)
                0x20002238                        _ebss = .
                0x20002238                        __bss_end__ = _ebss

._user_heap_stack
                0x20002238      0x600 load address 0x08004d6c
                0x20002238                        . = ALIGN (0x8)
                [!provide]                        PROVIDE (end = .)
                0x20002238                        PROVIDE (_end = .)
                0x20002438                        . = (. + _Min_Heap_Size)
 *fill*         0x20002238      0x200 
                0x20002838                        . = (. + _Min_Stack_Size)
 *fill*         0x20002438      0x400 
                0x20002838                        . = ALIGN (0x8)

/DISCARD/
 libc.a(*)
 libm.a(*)
 libgcc.a(*)

.ARM.attributes
                0x00000000       0x30
 *(.ARM.attributes)
 .ARM.attributes
                0x00000000       0x22 C:/ST/STM32CubeIDE_1.18.0/STM32CubeIDE/plugins/com.st.stm32cube.ide.mcu.externaltools.gnu-tools-for-stm32.13.3.rel1.win32_1.0.0.202411081344/tools/bin/../lib/gcc/arm-none-eabi/13.3.1/thumb/v7e-m+fp/hard/crti.o
 .ARM.attributes
                0x00000022       0x34 C:/ST/STM32CubeIDE_1.18.0/STM32CubeIDE/plugins/com.st.stm32cube.ide.mcu.externaltools.gnu-tools-for-stm32.13.3.rel1.win32_1.0.0.202411081344/tools/bin/../lib/gcc/arm-none-eabi/13.3.1/thumb/v7e-m+fp/hard/crtbegin.o
 .ARM.attributes
                0x00000056       0x34 ./Core/Src/main.o
 .ARM.attributes
                0x0000008a       0x34 ./Core/Src/stm32l4xx_hal_msp.o
 .ARM.attributes
                0x000000be       0x34 ./Core/Src/stm32l4xx_it.o
 .ARM.attributes
                0x000000f2       0x34 ./Core/Src/system_stm32l4xx.o
 .ARM.attributes
                0x00000126       0x21 ./Core/Startup/startup_stm32l432kcux.o
 .ARM.attributes
                0x00000147       0x34 ./Drivers/STM32L4xx_HAL_Driver/Src/stm32l4xx_hal.o
 .ARM.attributes
                0x0000017b       0x34 ./Drivers/STM32L4xx_HAL_Driver/Src/stm32l4xx_hal_cortex.o
 .ARM.attributes
                0x000001af       0x34 ./Drivers/STM32L4xx_HAL_Driver/Src/stm32l4xx_hal_dma.o
 .ARM.attributes
                0x000001e3       0x34 ./Drivers/STM32L4xx_HAL_Driver/Src/stm32l4xx_hal_gpio.o
 .ARM.attributes
                0x00000217       0x34 ./Drivers/STM32L4xx_HAL_Driver/Src/stm32l4xx_hal_pwr.o
 .ARM.attributes
                0x0000024b       0x34 ./Drivers/STM32L4xx_HAL_Driver/Src/stm32l4xx_hal_pwr_ex.o
 .ARM.attributes
                0x0000027f       0x34 ./Drivers/STM32L4xx_HAL_Driver/Src/stm32l4xx_hal_rcc.o
 .ARM.attributes
                0x000002b3       0x34 ./Drivers/STM32L4xx_HAL_Driver/Src/stm32l4xx_hal_rcc_ex.o
 .ARM.attributes
                0x000002e7       0x34 ./Drivers/STM32L4xx_HAL_Driver/Src/stm32l4xx_hal_spi.o
 .ARM.attributes
                0x0000031b       0x34 ./Drivers/STM32L4xx_HAL_Driver/Src/stm32l4xx_hal_tim.o
 .ARM.attributes
                0x0000034f       0x34 ./Drivers/STM32L4xx_HAL_Driver/Src/stm32l4xx_hal_tim_ex.o
 .ARM.attributes
                0x00000383       0x34 ./Drivers/STM32L4xx_HAL_Driver/Src/stm32l4xx_hal_uart.o
 .ARM.attributes
                0x000003b7       0x34 C:/ST/STM32CubeIDE_1.18.0/STM32CubeIDE/plugins/com.st.stm32cube.ide.mcu.externaltools.gnu-tools-for-stm32.13.3.rel1.win32_1.0.0.202411081344/tools/bin/../lib/gcc/arm-none-eabi/13.3.1/../../../../arm-none-eabi/lib/thumb/v7e-m+fp/hard\libc_nano.a(libc_a-memset.o)
 .ARM.attributes
                0x000003eb       0x34 C:/ST/STM32CubeIDE_1.18.0/STM32CubeIDE/plugins/com.st.stm32cube.ide.mcu.externaltools.gnu-tools-for-stm32.13.3.rel1.win32_1.0.0.202411081344/tools/bin/../lib/gcc/arm-none-eabi/13.3.1/../../../../arm-none-eabi/lib/thumb/v7e-m+fp/hard\libc_nano.a(libc_a-init.o)
 .ARM.attributes
                0x0000041f       0x22 C:/ST/STM32CubeIDE_1.18.0/STM32CubeIDE/plugins/com.st.stm32cube.ide.mcu.externaltools.gnu-tools-for-stm32.13.3.rel1.win32_1.0.0.202411081344/tools/bin/../lib/gcc/arm-none-eabi/13.3.1/thumb/v7e-m+fp/hard\libgcc.a(_aeabi_uldivmod.o)
 .ARM.attributes
                0x00000441       0x34 C:/ST/STM32CubeIDE_1.18.0/STM32CubeIDE/plugins/com.st.stm32cube.ide.mcu.externaltools.gnu-tools-for-stm32.13.3.rel1.win32_1.0.0.202411081344/tools/bin/../lib/gcc/arm-none-eabi/13.3.1/thumb/v7e-m+fp/hard\libgcc.a(_udivmoddi4.o)
 .ARM.attributes
                0x00000475       0x22 C:/ST/STM32CubeIDE_1.18.0/STM32CubeIDE/plugins/com.st.stm32cube.ide.mcu.externaltools.gnu-tools-for-stm32.13.3.rel1.win32_1.0.0.202411081344/tools/bin/../lib/gcc/arm-none-eabi/13.3.1/thumb/v7e-m+fp/hard\libgcc.a(_dvmd_tls.o)
 .ARM.attributes
                0x00000497       0x22 C:/ST/STM32CubeIDE_1.18.0/STM32CubeIDE/plugins/com.st.stm32cube.ide.mcu.externaltools.gnu-tools-for-stm32.13.3.rel1.win32_1.0.0.202411081344/tools/bin/../lib/gcc/arm-none-eabi/13.3.1/thumb/v7e-m+fp/hard/crtn.o
OUTPUT(PROCESSOR_STM.elf elf32-littlearm)
LOAD linker stubs
LOAD C:/ST/STM32CubeIDE_1.18.0/STM32CubeIDE/plugins/com.st.stm32cube.ide.mcu.externaltools.gnu-tools-for-stm32.13.3.rel1.win32_1.0.0.202411081344/tools/bin/../lib/gcc/arm-none-eabi/13.3.1/../../../../arm-none-eabi/lib/thumb/v7e-m+fp/hard\libc.a
LOAD C:/ST/STM32CubeIDE_1.18.0/STM32CubeIDE/plugins/com.st.stm32cube.ide.mcu.externaltools.gnu-tools-for-stm32.13.3.rel1.win32_1.0.0.202411081344/tools/bin/../lib/gcc/arm-none-eabi/13.3.1/../../../../arm-none-eabi/lib/thumb/v7e-m+fp/hard\libm.a
LOAD C:/ST/STM32CubeIDE_1.18.0/STM32CubeIDE/plugins/com.st.stm32cube.ide.mcu.externaltools.gnu-tools-for-stm32.13.3.rel1.win32_1.0.0.202411081344/tools/bin/../lib/gcc/arm-none-eabi/13.3.1/thumb/v7e-m+fp/hard\libgcc.a

.debug_info     0x00000000    0x12c31
 .debug_info    0x00000000     0x1c03 ./Core/Src/main.o
 .debug_info    0x00001c03     0x15ee ./Core/Src/stm32l4xx_hal_msp.o
 .debug_info    0x000031f1      0xdc8 ./Core/Src/stm32l4xx_it.o
 .debug_info    0x00003fb9      0x5f0 ./Core/Src/system_stm32l4xx.o
 .debug_info    0x000045a9       0x30 ./Core/Startup/startup_stm32l432kcux.o
 .debug_info    0x000045d9      0x9e0 ./Drivers/STM32L4xx_HAL_Driver/Src/stm32l4xx_hal.o
 .debug_info    0x00004fb9      0xd2f ./Drivers/STM32L4xx_HAL_Driver/Src/stm32l4xx_hal_cortex.o
 .debug_info    0x00005ce8      0x71a ./Drivers/STM32L4xx_HAL_Driver/Src/stm32l4xx_hal_dma.o
 .debug_info    0x00006402      0x79f ./Drivers/STM32L4xx_HAL_Driver/Src/stm32l4xx_hal_gpio.o
 .debug_info    0x00006ba1      0x958 ./Drivers/STM32L4xx_HAL_Driver/Src/stm32l4xx_hal_pwr.o
 .debug_info    0x000074f9      0x94c ./Drivers/STM32L4xx_HAL_Driver/Src/stm32l4xx_hal_pwr_ex.o
 .debug_info    0x00007e45      0xbf4 ./Drivers/STM32L4xx_HAL_Driver/Src/stm32l4xx_hal_rcc.o
 .debug_info    0x00008a39      0xf2c ./Drivers/STM32L4xx_HAL_Driver/Src/stm32l4xx_hal_rcc_ex.o
 .debug_info    0x00009965     0x1572 ./Drivers/STM32L4xx_HAL_Driver/Src/stm32l4xx_hal_spi.o
 .debug_info    0x0000aed7     0x2ade ./Drivers/STM32L4xx_HAL_Driver/Src/stm32l4xx_hal_tim.o
 .debug_info    0x0000d9b5     0x16e0 ./Drivers/STM32L4xx_HAL_Driver/Src/stm32l4xx_hal_tim_ex.o
 .debug_info    0x0000f095     0x3b9c ./Drivers/STM32L4xx_HAL_Driver/Src/stm32l4xx_hal_uart.o

.debug_abbrev   0x00000000     0x254d
 .debug_abbrev  0x00000000      0x32b ./Core/Src/main.o
 .debug_abbrev  0x0000032b      0x22f ./Core/Src/stm32l4xx_hal_msp.o
 .debug_abbrev  0x0000055a      0x1cc ./Core/Src/stm32l4xx_it.o
 .debug_abbrev  0x00000726      0x117 ./Core/Src/system_stm32l4xx.o
 .debug_abbrev  0x0000083d       0x24 ./Core/Startup/startup_stm32l432kcux.o
 .debug_abbrev  0x00000861      0x226 ./Drivers/STM32L4xx_HAL_Driver/Src/stm32l4xx_hal.o
 .debug_abbrev  0x00000a87      0x31c ./Drivers/STM32L4xx_HAL_Driver/Src/stm32l4xx_hal_cortex.o
 .debug_abbrev  0x00000da3      0x1fd ./Drivers/STM32L4xx_HAL_Driver/Src/stm32l4xx_hal_dma.o
 .debug_abbrev  0x00000fa0      0x1d1 ./Drivers/STM32L4xx_HAL_Driver/Src/stm32l4xx_hal_gpio.o
 .debug_abbrev  0x00001171      0x1e5 ./Drivers/STM32L4xx_HAL_Driver/Src/stm32l4xx_hal_pwr.o
 .debug_abbrev  0x00001356      0x1f9 ./Drivers/STM32L4xx_HAL_Driver/Src/stm32l4xx_hal_pwr_ex.o
 .debug_abbrev  0x0000154f      0x2dc ./Drivers/STM32L4xx_HAL_Driver/Src/stm32l4xx_hal_rcc.o
 .debug_abbrev  0x0000182b      0x2a0 ./Drivers/STM32L4xx_HAL_Driver/Src/stm32l4xx_hal_rcc_ex.o
 .debug_abbrev  0x00001acb      0x282 ./Drivers/STM32L4xx_HAL_Driver/Src/stm32l4xx_hal_spi.o
 .debug_abbrev  0x00001d4d      0x289 ./Drivers/STM32L4xx_HAL_Driver/Src/stm32l4xx_hal_tim.o
 .debug_abbrev  0x00001fd6      0x284 ./Drivers/STM32L4xx_HAL_Driver/Src/stm32l4xx_hal_tim_ex.o
 .debug_abbrev  0x0000225a      0x2f3 ./Drivers/STM32L4xx_HAL_Driver/Src/stm32l4xx_hal_uart.o

.debug_aranges  0x00000000     0x1188
 .debug_aranges
                0x00000000       0xb0 ./Core/Src/main.o
 .debug_aranges
                0x000000b0       0x60 ./Core/Src/stm32l4xx_hal_msp.o
 .debug_aranges
                0x00000110       0x80 ./Core/Src/stm32l4xx_it.o
 .debug_aranges
                0x00000190       0x28 ./Core/Src/system_stm32l4xx.o
 .debug_aranges
                0x000001b8       0x28 ./Core/Startup/startup_stm32l432kcux.o
 .debug_aranges
                0x000001e0      0x108 ./Drivers/STM32L4xx_HAL_Driver/Src/stm32l4xx_hal.o
 .debug_aranges
                0x000002e8      0x128 ./Drivers/STM32L4xx_HAL_Driver/Src/stm32l4xx_hal_cortex.o
 .debug_aranges
                0x00000410       0x80 ./Drivers/STM32L4xx_HAL_Driver/Src/stm32l4xx_hal_dma.o
 .debug_aranges
                0x00000490       0x58 ./Drivers/STM32L4xx_HAL_Driver/Src/stm32l4xx_hal_gpio.o
 .debug_aranges
                0x000004e8       0x98 ./Drivers/STM32L4xx_HAL_Driver/Src/stm32l4xx_hal_pwr.o
 .debug_aranges
                0x00000580      0x128 ./Drivers/STM32L4xx_HAL_Driver/Src/stm32l4xx_hal_pwr_ex.o
 .debug_aranges
                0x000006a8       0x90 ./Drivers/STM32L4xx_HAL_Driver/Src/stm32l4xx_hal_rcc.o
 .debug_aranges
                0x00000738       0xf0 ./Drivers/STM32L4xx_HAL_Driver/Src/stm32l4xx_hal_rcc_ex.o
 .debug_aranges
                0x00000828      0x1d8 ./Drivers/STM32L4xx_HAL_Driver/Src/stm32l4xx_hal_spi.o
 .debug_aranges
                0x00000a00      0x3e0 ./Drivers/STM32L4xx_HAL_Driver/Src/stm32l4xx_hal_tim.o
 .debug_aranges
                0x00000de0      0x180 ./Drivers/STM32L4xx_HAL_Driver/Src/stm32l4xx_hal_tim_ex.o
 .debug_aranges
                0x00000f60      0x228 ./Drivers/STM32L4xx_HAL_Driver/Src/stm32l4xx_hal_uart.o

.debug_rnglists
                0x00000000      0xdc5
 .debug_rnglists
                0x00000000       0x87 ./Core/Src/main.o
 .debug_rnglists
                0x00000087       0x46 ./Core/Src/stm32l4xx_hal_msp.o
 .debug_rnglists
                0x000000cd       0x5c ./Core/Src/stm32l4xx_it.o
 .debug_rnglists
                0x00000129       0x1a ./Core/Src/system_stm32l4xx.o
 .debug_rnglists
                0x00000143       0x19 ./Core/Startup/startup_stm32l432kcux.o
 .debug_rnglists
                0x0000015c       0xc1 ./Drivers/STM32L4xx_HAL_Driver/Src/stm32l4xx_hal.o
 .debug_rnglists
                0x0000021d       0xda ./Drivers/STM32L4xx_HAL_Driver/Src/stm32l4xx_hal_cortex.o
 .debug_rnglists
                0x000002f7       0x65 ./Drivers/STM32L4xx_HAL_Driver/Src/stm32l4xx_hal_dma.o
 .debug_rnglists
                0x0000035c       0x3f ./Drivers/STM32L4xx_HAL_Driver/Src/stm32l4xx_hal_gpio.o
 .debug_rnglists
                0x0000039b       0x6e ./Drivers/STM32L4xx_HAL_Driver/Src/stm32l4xx_hal_pwr.o
 .debug_rnglists
                0x00000409       0xdf ./Drivers/STM32L4xx_HAL_Driver/Src/stm32l4xx_hal_pwr_ex.o
 .debug_rnglists
                0x000004e8       0x6d ./Drivers/STM32L4xx_HAL_Driver/Src/stm32l4xx_hal_rcc.o
 .debug_rnglists
                0x00000555       0xba ./Drivers/STM32L4xx_HAL_Driver/Src/stm32l4xx_hal_rcc_ex.o
 .debug_rnglists
                0x0000060f      0x178 ./Drivers/STM32L4xx_HAL_Driver/Src/stm32l4xx_hal_spi.o
 .debug_rnglists
                0x00000787      0x32b ./Drivers/STM32L4xx_HAL_Driver/Src/stm32l4xx_hal_tim.o
 .debug_rnglists
                0x00000ab2      0x139 ./Drivers/STM32L4xx_HAL_Driver/Src/stm32l4xx_hal_tim_ex.o
 .debug_rnglists
                0x00000beb      0x1da ./Drivers/STM32L4xx_HAL_Driver/Src/stm32l4xx_hal_uart.o

.debug_macro    0x00000000    0x20a0b
 .debug_macro   0x00000000      0x211 ./Core/Src/main.o
 .debug_macro   0x00000211      0xad8 ./Core/Src/main.o
 .debug_macro   0x00000ce9      0x1ad ./Core/Src/main.o
 .debug_macro   0x00000e96       0x2e ./Core/Src/main.o
 .debug_macro   0x00000ec4       0x28 ./Core/Src/main.o
 .debug_macro   0x00000eec       0x22 ./Core/Src/main.o
 .debug_macro   0x00000f0e       0x8e ./Core/Src/main.o
 .debug_macro   0x00000f9c       0x51 ./Core/Src/main.o
 .debug_macro   0x00000fed      0x103 ./Core/Src/main.o
 .debug_macro   0x000010f0       0x6a ./Core/Src/main.o
 .debug_macro   0x0000115a      0x1df ./Core/Src/main.o
 .debug_macro   0x00001339       0x1c ./Core/Src/main.o
 .debug_macro   0x00001355       0x22 ./Core/Src/main.o
 .debug_macro   0x00001377       0xfb ./Core/Src/main.o
 .debug_macro   0x00001472     0x1011 ./Core/Src/main.o
 .debug_macro   0x00002483      0x11f ./Core/Src/main.o
 .debug_macro   0x000025a2    0x147a6 ./Core/Src/main.o
 .debug_macro   0x00016d48       0x6d ./Core/Src/main.o
 .debug_macro   0x00016db5     0x38fb ./Core/Src/main.o
 .debug_macro   0x0001a6b0      0x190 ./Core/Src/main.o
 .debug_macro   0x0001a840       0x5c ./Core/Src/main.o
 .debug_macro   0x0001a89c     0x11ca ./Core/Src/main.o
 .debug_macro   0x0001ba66      0x53c ./Core/Src/main.o
 .debug_macro   0x0001bfa2      0x1b9 ./Core/Src/main.o
 .debug_macro   0x0001c15b      0x122 ./Core/Src/main.o
 .debug_macro   0x0001c27d      0x2c4 ./Core/Src/main.o
 .debug_macro   0x0001c541      0x27a ./Core/Src/main.o
 .debug_macro   0x0001c7bb      0x23d ./Core/Src/main.o
 .debug_macro   0x0001c9f8      0x241 ./Core/Src/main.o
 .debug_macro   0x0001cc39      0x375 ./Core/Src/main.o
 .debug_macro   0x0001cfae       0xd6 ./Core/Src/main.o
 .debug_macro   0x0001d084      0x122 ./Core/Src/main.o
 .debug_macro   0x0001d1a6      0x356 ./Core/Src/main.o
 .debug_macro   0x0001d4fc      0x2fe ./Core/Src/main.o
 .debug_macro   0x0001d7fa      0xa98 ./Core/Src/main.o
 .debug_macro   0x0001e292      0x12d ./Core/Src/main.o
 .debug_macro   0x0001e3bf      0x5cf ./Core/Src/main.o
 .debug_macro   0x0001e98e       0x44 ./Core/Src/main.o
 .debug_macro   0x0001e9d2      0x220 ./Core/Src/main.o
 .debug_macro   0x0001ebf2       0x58 ./Core/Src/main.o
 .debug_macro   0x0001ec4a      0x1f3 ./Core/Src/stm32l4xx_hal_msp.o
 .debug_macro   0x0001ee3d      0x203 ./Core/Src/stm32l4xx_it.o
 .debug_macro   0x0001f040      0x1e4 ./Core/Src/system_stm32l4xx.o
 .debug_macro   0x0001f224      0x22c ./Drivers/STM32L4xx_HAL_Driver/Src/stm32l4xx_hal.o
 .debug_macro   0x0001f450      0x1e4 ./Drivers/STM32L4xx_HAL_Driver/Src/stm32l4xx_hal_cortex.o
 .debug_macro   0x0001f634      0x1e4 ./Drivers/STM32L4xx_HAL_Driver/Src/stm32l4xx_hal_dma.o
 .debug_macro   0x0001f818      0x1eb ./Drivers/STM32L4xx_HAL_Driver/Src/stm32l4xx_hal_gpio.o
 .debug_macro   0x0001fa03      0x1fc ./Drivers/STM32L4xx_HAL_Driver/Src/stm32l4xx_hal_pwr.o
 .debug_macro   0x0001fbff      0x208 ./Drivers/STM32L4xx_HAL_Driver/Src/stm32l4xx_hal_pwr_ex.o
 .debug_macro   0x0001fe07      0x226 ./Drivers/STM32L4xx_HAL_Driver/Src/stm32l4xx_hal_rcc.o
 .debug_macro   0x0002002d      0x21a ./Drivers/STM32L4xx_HAL_Driver/Src/stm32l4xx_hal_rcc_ex.o
 .debug_macro   0x00020247      0x1ec ./Drivers/STM32L4xx_HAL_Driver/Src/stm32l4xx_hal_spi.o
 .debug_macro   0x00020433      0x1e5 ./Drivers/STM32L4xx_HAL_Driver/Src/stm32l4xx_hal_tim.o
 .debug_macro   0x00020618      0x1e4 ./Drivers/STM32L4xx_HAL_Driver/Src/stm32l4xx_hal_tim_ex.o
 .debug_macro   0x000207fc      0x20f ./Drivers/STM32L4xx_HAL_Driver/Src/stm32l4xx_hal_uart.o

.debug_line     0x00000000    0x1388d
 .debug_line    0x00000000      0xd41 ./Core/Src/main.o
 .debug_line    0x00000d41      0x8fc ./Core/Src/stm32l4xx_hal_msp.o
 .debug_line    0x0000163d      0x8cd ./Core/Src/stm32l4xx_it.o
 .debug_line    0x00001f0a      0x82c ./Core/Src/system_stm32l4xx.o
 .debug_line    0x00002736       0x7a ./Core/Startup/startup_stm32l432kcux.o
 .debug_line    0x000027b0      0xaf9 ./Drivers/STM32L4xx_HAL_Driver/Src/stm32l4xx_hal.o
 .debug_line    0x000032a9      0xd2f ./Drivers/STM32L4xx_HAL_Driver/Src/stm32l4xx_hal_cortex.o
 .debug_line    0x00003fd8      0xd49 ./Drivers/STM32L4xx_HAL_Driver/Src/stm32l4xx_hal_dma.o
 .debug_line    0x00004d21      0xb6b ./Drivers/STM32L4xx_HAL_Driver/Src/stm32l4xx_hal_gpio.o
 .debug_line    0x0000588c      0x95f ./Drivers/STM32L4xx_HAL_Driver/Src/stm32l4xx_hal_pwr.o
 .debug_line    0x000061eb      0xc7d ./Drivers/STM32L4xx_HAL_Driver/Src/stm32l4xx_hal_pwr_ex.o
 .debug_line    0x00006e68     0x1137 ./Drivers/STM32L4xx_HAL_Driver/Src/stm32l4xx_hal_rcc.o
 .debug_line    0x00007f9f     0x13b9 ./Drivers/STM32L4xx_HAL_Driver/Src/stm32l4xx_hal_rcc_ex.o
 .debug_line    0x00009358     0x2074 ./Drivers/STM32L4xx_HAL_Driver/Src/stm32l4xx_hal_spi.o
 .debug_line    0x0000b3cc     0x3ca0 ./Drivers/STM32L4xx_HAL_Driver/Src/stm32l4xx_hal_tim.o
 .debug_line    0x0000f06c     0x1ad6 ./Drivers/STM32L4xx_HAL_Driver/Src/stm32l4xx_hal_tim_ex.o
 .debug_line    0x00010b42     0x2d4b ./Drivers/STM32L4xx_HAL_Driver/Src/stm32l4xx_hal_uart.o

.debug_str      0x00000000    0xc9e21
 .debug_str     0x00000000    0xc9e21 ./Core/Src/main.o
                              0xc6143 (size before relaxing)
 .debug_str     0x000c9e21    0xc5c79 ./Core/Src/stm32l4xx_hal_msp.o
 .debug_str     0x000c9e21    0xc553b ./Core/Src/stm32l4xx_it.o
 .debug_str     0x000c9e21    0xc4be4 ./Core/Src/system_stm32l4xx.o
 .debug_str     0x000c9e21       0x85 ./Core/Startup/startup_stm32l432kcux.o
 .debug_str     0x000c9e21    0xc5586 ./Drivers/STM32L4xx_HAL_Driver/Src/stm32l4xx_hal.o
 .debug_str     0x000c9e21    0xc5344 ./Drivers/STM32L4xx_HAL_Driver/Src/stm32l4xx_hal_cortex.o
 .debug_str     0x000c9e21    0xc4e5d ./Drivers/STM32L4xx_HAL_Driver/Src/stm32l4xx_hal_dma.o
 .debug_str     0x000c9e21    0xc4d6a ./Drivers/STM32L4xx_HAL_Driver/Src/stm32l4xx_hal_gpio.o
 .debug_str     0x000c9e21    0xc4f2e ./Drivers/STM32L4xx_HAL_Driver/Src/stm32l4xx_hal_pwr.o
 .debug_str     0x000c9e21    0xc508c ./Drivers/STM32L4xx_HAL_Driver/Src/stm32l4xx_hal_pwr_ex.o
 .debug_str     0x000c9e21    0xc51e4 ./Drivers/STM32L4xx_HAL_Driver/Src/stm32l4xx_hal_rcc.o
 .debug_str     0x000c9e21    0xc5456 ./Drivers/STM32L4xx_HAL_Driver/Src/stm32l4xx_hal_rcc_ex.o
 .debug_str     0x000c9e21    0xc53fc ./Drivers/STM32L4xx_HAL_Driver/Src/stm32l4xx_hal_spi.o
 .debug_str     0x000c9e21    0xc5f33 ./Drivers/STM32L4xx_HAL_Driver/Src/stm32l4xx_hal_tim.o
 .debug_str     0x000c9e21    0xc5847 ./Drivers/STM32L4xx_HAL_Driver/Src/stm32l4xx_hal_tim_ex.o
 .debug_str     0x000c9e21    0xc593c ./Drivers/STM32L4xx_HAL_Driver/Src/stm32l4xx_hal_uart.o

.comment        0x00000000       0x43
 .comment       0x00000000       0x43 ./Core/Src/main.o
                                 0x44 (size before relaxing)
 .comment       0x00000043       0x44 ./Core/Src/stm32l4xx_hal_msp.o
 .comment       0x00000043       0x44 ./Core/Src/stm32l4xx_it.o
 .comment       0x00000043       0x44 ./Core/Src/system_stm32l4xx.o
 .comment       0x00000043       0x44 ./Drivers/STM32L4xx_HAL_Driver/Src/stm32l4xx_hal.o
 .comment       0x00000043       0x44 ./Drivers/STM32L4xx_HAL_Driver/Src/stm32l4xx_hal_cortex.o
 .comment       0x00000043       0x44 ./Drivers/STM32L4xx_HAL_Driver/Src/stm32l4xx_hal_dma.o
 .comment       0x00000043       0x44 ./Drivers/STM32L4xx_HAL_Driver/Src/stm32l4xx_hal_gpio.o
 .comment       0x00000043       0x44 ./Drivers/STM32L4xx_HAL_Driver/Src/stm32l4xx_hal_pwr.o
 .comment       0x00000043       0x44 ./Drivers/STM32L4xx_HAL_Driver/Src/stm32l4xx_hal_pwr_ex.o
 .comment       0x00000043       0x44 ./Drivers/STM32L4xx_HAL_Driver/Src/stm32l4xx_hal_rcc.o
 .comment       0x00000043       0x44 ./Drivers/STM32L4xx_HAL_Driver/Src/stm32l4xx_hal_rcc_ex.o
 .comment       0x00000043       0x44 ./Drivers/STM32L4xx_HAL_Driver/Src/stm32l4xx_hal_spi.o
 .comment       0x00000043       0x44 ./Drivers/STM32L4xx_HAL_Driver/Src/stm32l4xx_hal_tim.o
 .comment       0x00000043       0x44 ./Drivers/STM32L4xx_HAL_Driver/Src/stm32l4xx_hal_tim_ex.o
 .comment       0x00000043       0x44 ./Drivers/STM32L4xx_HAL_Driver/Src/stm32l4xx_hal_uart.o

.debug_frame    0x00000000     0x4a4c
 .debug_frame   0x00000000      0x280 ./Core/Src/main.o
 .debug_frame   0x00000280      0x15c ./Core/Src/stm32l4xx_hal_msp.o
 .debug_frame   0x000003dc      0x178 ./Core/Src/stm32l4xx_it.o
 .debug_frame   0x00000554       0x58 ./Core/Src/system_stm32l4xx.o
 .debug_frame   0x000005ac      0x3dc ./Drivers/STM32L4xx_HAL_Driver/Src/stm32l4xx_hal.o
 .debug_frame   0x00000988      0x4e8 ./Drivers/STM32L4xx_HAL_Driver/Src/stm32l4xx_hal_cortex.o
 .debug_frame   0x00000e70      0x204 ./Drivers/STM32L4xx_HAL_Driver/Src/stm32l4xx_hal_dma.o
 .debug_frame   0x00001074      0x14c ./Drivers/STM32L4xx_HAL_Driver/Src/stm32l4xx_hal_gpio.o
 .debug_frame   0x000011c0      0x230 ./Drivers/STM32L4xx_HAL_Driver/Src/stm32l4xx_hal_pwr.o
 .debug_frame   0x000013f0      0x4a4 ./Drivers/STM32L4xx_HAL_Driver/Src/stm32l4xx_hal_pwr_ex.o
 .debug_frame   0x00001894      0x21c ./Drivers/STM32L4xx_HAL_Driver/Src/stm32l4xx_hal_rcc.o
 .debug_frame   0x00001ab0      0x3d0 ./Drivers/STM32L4xx_HAL_Driver/Src/stm32l4xx_hal_rcc_ex.o
 .debug_frame   0x00001e80      0x860 ./Drivers/STM32L4xx_HAL_Driver/Src/stm32l4xx_hal_spi.o
 .debug_frame   0x000026e0     0x121c ./Drivers/STM32L4xx_HAL_Driver/Src/stm32l4xx_hal_tim.o
 .debug_frame   0x000038fc      0x6b0 ./Drivers/STM32L4xx_HAL_Driver/Src/stm32l4xx_hal_tim_ex.o
 .debug_frame   0x00003fac      0x9f4 ./Drivers/STM32L4xx_HAL_Driver/Src/stm32l4xx_hal_uart.o
 .debug_frame   0x000049a0       0x20 C:/ST/STM32CubeIDE_1.18.0/STM32CubeIDE/plugins/com.st.stm32cube.ide.mcu.externaltools.gnu-tools-for-stm32.13.3.rel1.win32_1.0.0.202411081344/tools/bin/../lib/gcc/arm-none-eabi/13.3.1/../../../../arm-none-eabi/lib/thumb/v7e-m+fp/hard\libc_nano.a(libc_a-memset.o)
 .debug_frame   0x000049c0       0x2c C:/ST/STM32CubeIDE_1.18.0/STM32CubeIDE/plugins/com.st.stm32cube.ide.mcu.externaltools.gnu-tools-for-stm32.13.3.rel1.win32_1.0.0.202411081344/tools/bin/../lib/gcc/arm-none-eabi/13.3.1/../../../../arm-none-eabi/lib/thumb/v7e-m+fp/hard\libc_nano.a(libc_a-init.o)
 .debug_frame   0x000049ec       0x2c C:/ST/STM32CubeIDE_1.18.0/STM32CubeIDE/plugins/com.st.stm32cube.ide.mcu.externaltools.gnu-tools-for-stm32.13.3.rel1.win32_1.0.0.202411081344/tools/bin/../lib/gcc/arm-none-eabi/13.3.1/thumb/v7e-m+fp/hard\libgcc.a(_aeabi_uldivmod.o)
 .debug_frame   0x00004a18       0x34 C:/ST/STM32CubeIDE_1.18.0/STM32CubeIDE/plugins/com.st.stm32cube.ide.mcu.externaltools.gnu-tools-for-stm32.13.3.rel1.win32_1.0.0.202411081344/tools/bin/../lib/gcc/arm-none-eabi/13.3.1/thumb/v7e-m+fp/hard\libgcc.a(_udivmoddi4.o)

.debug_line_str
                0x00000000       0x69
 .debug_line_str
                0x00000000       0x69 ./Core/Startup/startup_stm32l432kcux.o
