../Core/Src/main.c:116:5:main	2
../Core/Src/main.c:178:6:SystemClock_Config	4
../Core/Src/main.c:239:13:MX_SPI1_Init	2
../Core/Src/main.c:278:13:MX_TIM1_Init	4
../Core/Src/main.c:328:13:MX_TIM7_Init	3
../Core/Src/main.c:366:13:MX_TIM16_Init	2
../Core/Src/main.c:398:13:MX_USART2_UART_Init	2
../Core/Src/main.c:433:13:MX_GPIO_Init	1
../Core/Src/main.c:472:6:delay_uS	2
../Core/Src/main.c:481:6:ultrasonic_trig	1
../Core/Src/main.c:490:13:handle_uart_command	11
../Core/Src/main.c:535:6:HAL_TIM_PeriodElapsedCallback	5
../Core/Src/main.c:558:6:HAL_TIM_IC_CaptureCallback	6
../Core/Src/main.c:601:13:send_audio_sample	7
../Core/Src/main.c:679:6:Error_Handler	1
