../Core/Src/main.c:116:5:main	8	static
../Core/Src/main.c:178:6:SystemClock_Config	96	static
../Core/Src/main.c:239:13:MX_SPI1_Init	8	static
../Core/Src/main.c:278:13:MX_TIM1_Init	40	static
../Core/Src/main.c:328:13:MX_TIM7_Init	24	static
../Core/Src/main.c:366:13:MX_TIM16_Init	8	static
../Core/Src/main.c:398:13:MX_USART2_UART_Init	8	static
../Core/Src/main.c:433:13:MX_GPIO_Init	40	static
../Core/Src/main.c:472:6:delay_uS	16	static
../Core/Src/main.c:481:6:ultrasonic_trig	8	static
../Core/Src/main.c:490:13:handle_uart_command	8	static
../Core/Src/main.c:535:6:HAL_TIM_PeriodElapsedCallback	16	static
../Core/Src/main.c:558:6:HAL_TIM_IC_CaptureCallback	24	static
../Core/Src/main.c:601:13:send_audio_sample	24	static
../Core/Src/main.c:679:6:Error_Handler	4	static,ignoring_inline_asm
