../Core/Src/main.c:125:5:main	8	static
../Core/Src/main.c:186:6:SystemClock_Config	96	static
../Core/Src/main.c:247:13:MX_SPI1_Init	8	static
../Core/Src/main.c:286:13:MX_TIM1_Init	40	static
../Core/Src/main.c:336:13:MX_TIM7_Init	24	static
../Core/Src/main.c:374:13:MX_TIM16_Init	8	static
../Core/Src/main.c:406:13:MX_USART2_UART_Init	8	static
../Core/Src/main.c:441:13:MX_GPIO_Init	40	static
../Core/Src/main.c:480:6:delay_uS	16	static
../Core/Src/main.c:490:6:ultrasonic_trig	8	static
../Core/Src/main.c:500:13:reset_audio_filter_state	4	static
../Core/Src/main.c:513:13:handle_uart_command	8	static
../Core/Src/main.c:633:6:HAL_TIM_PeriodElapsedCallback	16	static
../Core/Src/main.c:659:6:HAL_TIM_IC_CaptureCallback	24	static
../Core/Src/main.c:699:13:transmit_8bit_audio	32	static
../Core/Src/main.c:770:6:Error_Handler	4	static,ignoring_inline_asm
