../Core/Src/main.c:137:5:main	3
../Core/Src/main.c:207:6:SystemClock_Config	4
../Core/Src/main.c:268:13:MX_SPI1_Init	2
../Core/Src/main.c:307:13:MX_TIM1_Init	4
../Core/Src/main.c:357:13:MX_TIM7_Init	3
../Core/Src/main.c:395:13:MX_TIM16_Init	2
../Core/Src/main.c:427:13:MX_USART2_UART_Init	2
../Core/Src/main.c:462:13:MX_GPIO_Init	1
../Core/Src/main.c:501:6:delay_uS	2
../Core/Src/main.c:511:6:ultrasonic_trig	1
../Core/Src/main.c:521:13:reset_audio_filter_state	1
../Core/Src/main.c:535:13:handle_uart_command	13
../Core/Src/main.c:668:13:uart_tx_push_byte	2
../Core/Src/main.c:687:13:uart_tx_push_3bytes	1
../Core/Src/main.c:695:13:uart_tx_clear_buffer	1
../Core/Src/main.c:703:6:HAL_TIM_PeriodElapsedCallback	6
../Core/Src/main.c:729:6:HAL_TIM_IC_CaptureCallback	6
../Core/Src/main.c:769:13:transmit_12bit_audio	7
../Core/Src/main.c:855:6:Error_Handler	1
