../Drivers/CMSIS/Include/core_cm4.h:1667:26:__NVIC_GetPriorityGrouping	1
../Drivers/CMSIS/Include/core_cm4.h:1679:22:__NVIC_EnableIRQ	2
../Drivers/CMSIS/Include/core_cm4.h:1809:22:__NVIC_SetPriority	2
../Drivers/CMSIS/Include/core_cm4.h:1856:26:NVIC_EncodePriority	2
../Drivers/STM32L4xx_HAL_Driver/Inc/stm32l4xx_ll_spi.h:371:22:LL_SPI_Enable	1
../Drivers/STM32L4xx_HAL_Driver/Inc/stm32l4xx_ll_spi.h:439:22:LL_SPI_SetStandard	1
../Drivers/STM32L4xx_HAL_Driver/Inc/stm32l4xx_ll_spi.h:875:22:LL_SPI_EnableNSSPulseMgt	1
../Drivers/STM32L4xx_HAL_Driver/Inc/stm32l4xx_ll_spi.h:929:26:LL_SPI_IsActiveFlag_TXE	2
../Drivers/STM32L4xx_HAL_Driver/Inc/stm32l4xx_ll_spi.h:980:26:LL_SPI_IsActiveFlag_BSY	2
../Drivers/STM32L4xx_HAL_Driver/Inc/stm32l4xx_ll_spi.h:1061:22:LL_SPI_ClearFlag_OVR	1
../Drivers/STM32L4xx_HAL_Driver/Inc/stm32l4xx_ll_spi.h:1388:22:LL_SPI_TransmitData16	1
../Drivers/STM32L4xx_HAL_Driver/Inc/stm32l4xx_ll_bus.h:563:22:LL_AHB2_GRP1_EnableClock	1
../Drivers/STM32L4xx_HAL_Driver/Inc/stm32l4xx_ll_bus.h:1673:22:LL_APB2_GRP1_EnableClock	1
../Core/Src/main.c:75:5:main	1
../Core/Src/main.c:132:6:SystemClock_Config	4
../Core/Src/main.c:193:13:MX_ADC1_Init	3
../Core/Src/main.c:251:13:MX_SPI1_Init	1
../Core/Src/main.c:310:13:MX_TIM1_Init	4
../Core/Src/main.c:357:13:MX_GPIO_Init	1
../Core/Src/main.c:402:13:SPI1_WriteTwoBytes	3
../Core/Src/main.c:409:6:HAL_ADC_ConvCpltCallback	2
../Core/Src/main.c:428:6:Error_Handler	1
